
> axionbio@0.1.0 build
> next build

Γû▓ Next.js 16.1.6 (Turbopack)

node.exe : ΓÜá The "middleware" file 
convention is deprecated. Please use 
"proxy" instead. Learn more: https://next
js.org/docs/messages/middleware-to-proxy
At C:\Program Files\nodejs\npm.ps1:29 
char:3
+   & $NODE_EXE $NPM_CLI_JS $args
+   ~~~~~~~~~~~~~~~~~~~~~~~~~~~~~
    + CategoryInfo          : NotSpecifi 
   ed: (ΓÜá The "middle...leware-to-pro  
  xy:String) [], RemoteException
    + FullyQualifiedErrorId : NativeComm 
   andError
 
  Creating an optimized production build ...
Γ£ô Compiled successfully in 1626.2ms
  Running TypeScript ...
Failed to compile.

./app/api/auth/[auth0]/route.ts:3:26
Type error: Property 'handler' does not 
exist on type 'Auth0Client'.

[0m [90m 1 |[39m [36mimport[39m { 
auth0 } [36mfrom[39m 
[32m'@/lib/auth0'[39m[33m;[39m
 [90m 2 |[39m
[31m[1m>[22m[39m[90m 3 |[39m 
[36mexport[39m [36mconst[39m 
[33mGET[39m [33m=[39m auth0[33m.[39
mhandler[33m.[39mbind(auth0)[33m;[39m
 [90m   |[39m                          
[31m[1m^[22m[39m
 [90m 4 |[39m [36mexport[39m 
[36mconst[39m [33mPOST[39m 
[33m=[39m auth0[33m.[39mhandler[33m.
[39mbind(auth0)[33m;[39m
 [90m 5 |[39m[0m
Next.js build worker exited with code: 1 
and signal: null
